AxiosError: Request failed with status code 403
    at settle (file:///C:/Users/zhuya/Documents/git/crawlr/node_modules/axios/lib/core/settle.js:19:12)
    at Unzip.handleStreamEnd (file:///C:/Users/zhuya/Documents/git/crawlr/node_modules/axios/lib/adapters/http.js:599:11)
    at Unzip.emit (node:events:531:35)
    at endReadableNT (node:internal/streams/readable:1696:12)
    at process.processTicksAndRejections (node:internal/process/task_queues:82:21)
    at Axios.request (file:///C:/Users/zhuya/Documents/git/crawlr/node_modules/axios/lib/core/Axios.js:45:41)
    at process.processTicksAndRejections (node:internal/process/task_queues:95:5)
    at async crawl (C:\Users\zhuya\Documents\git\crawlr\src\index.ts:96:18)
    at async <anonymous> (C:\Users\zhuya\Documents\git\crawlr\src\index.ts:157:1) {
  code: 'ERR_BAD_REQUEST',
  config: {
    transitional: {
      silentJSONParsing: true,
      forcedJSONParsing: true,
      clarifyTimeoutError: false
    },
    adapter: [ 'xhr', 'http', 'fetch' ],
    transformRequest: [ [Function: transformRequest] ],
    transformResponse: [ [Function: transformResponse] ],
    timeout: 0,
    xsrfCookieName: 'XSRF-TOKEN',
    xsrfHeaderName: 'X-XSRF-TOKEN',
    maxContentLength: -1,
    maxBodyLength: -1,
    env: { FormData: [Function], Blob: [class Blob] },
    validateStatus: [Function: validateStatus],
    headers: Object [AxiosHeaders] {
      Accept: 'text/html,application/xhtml+xml,application/xml;q=0.9,image/avif,image/webp,image/apng,*/*;q=0.8,application/signed-exchange;v=b3;q=0.7',
      'Content-Type': undefined,
      'User-Agent': 'Mozilla/5.0 (Windows NT 10.0; Win64; x64) AppleWebKit/537.36 (KHTML, like Gecko) Chrome/129.0.0.0 Safari/537.36',
      'Accept-Encoding': 'gzip, deflate, br, zstd',
      'Accept-Language': 'en-US,en;q=0.9'
    },
    method: 'get',
    url: 'https://investor.insulet.com',
    data: undefined
  },
  request: <ref *1> ClientRequest {
    _events: [Object: null prototype] {
      abort: [Function (anonymous)],
      aborted: [Function (anonymous)],
      connect: [Function (anonymous)],
      error: [Function (anonymous)],
      socket: [Function (anonymous)],
      timeout: [Function (anonymous)],
      finish: [Function: requestOnFinish]
    },
    _eventsCount: 7,
    _maxListeners: undefined,
    outputData: [],
    outputSize: 0,
    writable: true,
    destroyed: true,
    _last: true,
    chunkedEncoding: false,
    shouldKeepAlive: true,
    maxRequestsOnConnectionReached: false,
    _defaultKeepAlive: true,
    useChunkedEncodingByDefault: false,
    sendDate: false,
    _removedConnection: false,
    _removedContLen: false,
    _removedTE: false,
    strictContentLength: false,
    _contentLength: 0,
    _hasBody: true,
    _trailer: '',
    finished: true,
    _headerSent: true,
    _closed: true,
    socket: TLSSocket {
      _tlsOptions: [Object],
      _secureEstablished: true,
      _securePending: false,
      _newSessionPending: false,
      _controlReleased: true,
      secureConnecting: false,
      _SNICallback: null,
      servername: 'investor.insulet.com',
      alpnProtocol: false,
      authorized: true,
      authorizationError: null,
      encrypted: true,
      _events: [Object: null prototype],
      _eventsCount: 9,
      connecting: false,
      _hadError: false,
      _parent: null,
      _host: 'investor.insulet.com',
      _closeAfterHandlingError: false,
      _readableState: [ReadableState],
      _writableState: [WritableState],
      allowHalfOpen: false,
      _maxListeners: undefined,
      _sockname: null,
      _pendingData: null,
      _pendingEncoding: '',
      server: undefined,
      _server: null,
      ssl: [TLSWrap],
      _requestCert: true,
      _rejectUnauthorized: true,
      timeout: 5000,
      parser: null,
      _httpMessage: null,
      autoSelectFamilyAttemptedAddresses: [Array],
      [Symbol(alpncallback)]: null,
      [Symbol(res)]: [TLSWrap],
      [Symbol(verified)]: true,
      [Symbol(pendingSession)]: null,
      [Symbol(async_id_symbol)]: -1,
      [Symbol(kHandle)]: [TLSWrap],
      [Symbol(lastWriteQueueSize)]: 0,
      [Symbol(timeout)]: Timeout {
        _idleTimeout: 5000,
        _idlePrev: [TimersList],
        _idleNext: [Timeout],
        _idleStart: 13677,
        _onTimeout: [Function: bound ],
        _timerArgs: undefined,
        _repeat: null,
        _destroyed: false,
        [Symbol(refed)]: false,
        [Symbol(kHasPrimitive)]: false,
        [Symbol(asyncId)]: 2155,
        [Symbol(triggerId)]: 2153
      },
      [Symbol(kBuffer)]: null,
      [Symbol(kBufferCb)]: null,
      [Symbol(kBufferGen)]: null,
      [Symbol(shapeMode)]: true,
      [Symbol(kCapture)]: false,
      [Symbol(kSetNoDelay)]: false,
      [Symbol(kSetKeepAlive)]: true,
      [Symbol(kSetKeepAliveInitialDelay)]: 1,
      [Symbol(kBytesRead)]: 0,
      [Symbol(kBytesWritten)]: 0,
      [Symbol(connect-options)]: [Object]
    },
    _header: 'GET / HTTP/1.1\r\n' +
      'Accept: text/html,application/xhtml+xml,application/xml;q=0.9,image/avif,image/webp,image/apng,*/*;q=0.8,application/signed-exchange;v=b3;q=0.7\r\n' +
      'User-Agent: Mozilla/5.0 (Windows NT 10.0; Win64; x64) AppleWebKit/537.36 (KHTML, like Gecko) Chrome/129.0.0.0 Safari/537.36\r\n' +
      'Accept-Encoding: gzip, deflate, br, zstd\r\n' +
      'Accept-Language: en-US,en;q=0.9\r\n' +
      'Host: investor.insulet.com\r\n' +
      'Connection: keep-alive\r\n' +
      '\r\n',
    _keepAliveTimeout: 0,
    _onPendingData: [Function: nop],
    agent: Agent {
      _events: [Object: null prototype],
      _eventsCount: 2,
      _maxListeners: undefined,
      defaultPort: 443,
      protocol: 'https:',
      options: [Object: null prototype],
      requests: [Object: null prototype] {},
      sockets: [Object: null prototype] {},
      freeSockets: [Object: null prototype],
      keepAliveMsecs: 1000,
      keepAlive: true,
      maxSockets: Infinity,
      maxFreeSockets: 256,
      scheduling: 'lifo',
      maxTotalSockets: Infinity,
      totalSocketCount: 2,
      maxCachedSessions: 100,
      _sessionCache: [Object],
      [Symbol(shapeMode)]: false,
      [Symbol(kCapture)]: false
    },
    socketPath: undefined,
    method: 'GET',
    maxHeaderSize: undefined,
    insecureHTTPParser: undefined,
    joinDuplicateHeaders: undefined,
    path: '/',
    _ended: true,
    res: IncomingMessage {
      _events: [Object],
      _readableState: [ReadableState],
      _maxListeners: undefined,
      socket: null,
      httpVersionMajor: 1,
      httpVersionMinor: 1,
      httpVersion: '1.1',
      complete: true,
      rawHeaders: [Array],
      rawTrailers: [],
      joinDuplicateHeaders: undefined,
      aborted: false,
      upgrade: false,
      url: '',
      method: null,
      statusCode: 403,
      statusMessage: 'Forbidden',
      client: [TLSSocket],
      _consuming: true,
      _dumped: false,
      req: [Circular *1],
      _eventsCount: 4,
      responseUrl: 'https://investor.insulet.com/',
      redirects: [],
      [Symbol(shapeMode)]: true,
      [Symbol(kCapture)]: false,
      [Symbol(kHeaders)]: [Object],
      [Symbol(kHeadersCount)]: 24,
      [Symbol(kTrailers)]: null,
      [Symbol(kTrailersCount)]: 0
    },
    aborted: false,
    timeoutCb: null,
    upgradeOrConnect: false,
    parser: null,
    maxHeadersCount: null,
    reusedSocket: false,
    host: 'investor.insulet.com',
    protocol: 'https:',
    _redirectable: Writable {
      _events: [Object],
      _writableState: [WritableState],
      _maxListeners: undefined,
      _options: [Object],
      _ended: true,
      _ending: true,
      _redirectCount: 0,
      _redirects: [],
      _requestBodyLength: 0,
      _requestBodyBuffers: [],
      _eventsCount: 3,
      _onNativeResponse: [Function (anonymous)],
      _currentRequest: [Circular *1],
      _currentUrl: 'https://investor.insulet.com/',
      [Symbol(shapeMode)]: true,
      [Symbol(kCapture)]: false
    },
    [Symbol(shapeMode)]: false,
    [Symbol(kCapture)]: false,
    [Symbol(kBytesWritten)]: 0,
    [Symbol(kNeedDrain)]: false,
    [Symbol(corked)]: 0,
    [Symbol(kOutHeaders)]: [Object: null prototype] {
      accept: [Array],
      'user-agent': [Array],
      'accept-encoding': [Array],
      'accept-language': [Array],
      host: [Array]
    },
    [Symbol(errored)]: null,
    [Symbol(kHighWaterMark)]: 16384,
    [Symbol(kRejectNonStandardBodyWrites)]: false,
    [Symbol(kUniqueHeaders)]: null
  },
  response: {
    status: 403,
    statusText: 'Forbidden',
    headers: Object [AxiosHeaders] {
      date: 'Fri, 20 Sep 2024 17:25:11 GMT',
      'content-type': 'text/html; charset=UTF-8',
      'transfer-encoding': 'chunked',
      connection: 'keep-alive',
      'x-frame-options': 'SAMEORIGIN',
      'referrer-policy': 'same-origin',
      'cache-control': 'max-age=15',
      expires: 'Fri, 20 Sep 2024 17:25:26 GMT',
      vary: 'Accept-Encoding',
      server: 'cloudflare',
      'cf-ray': '8c63836d9fd642e0-EWR'
    },
    config: {
      transitional: [Object],
      adapter: [Array],
      transformRequest: [Array],
      transformResponse: [Array],
      timeout: 0,
      xsrfCookieName: 'XSRF-TOKEN',
      xsrfHeaderName: 'X-XSRF-TOKEN',
      maxContentLength: -1,
      maxBodyLength: -1,
      env: [Object],
      validateStatus: [Function: validateStatus],
      headers: [Object [AxiosHeaders]],
      method: 'get',
      url: 'https://investor.insulet.com',
      data: undefined
    },
    request: <ref *1> ClientRequest {
      _events: [Object: null prototype],
      _eventsCount: 7,
      _maxListeners: undefined,
      outputData: [],
      outputSize: 0,
      writable: true,
      destroyed: true,
      _last: true,
      chunkedEncoding: false,
      shouldKeepAlive: true,
      maxRequestsOnConnectionReached: false,
      _defaultKeepAlive: true,
      useChunkedEncodingByDefault: false,
      sendDate: false,
      _removedConnection: false,
      _removedContLen: false,
      _removedTE: false,
      strictContentLength: false,
      _contentLength: 0,
      _hasBody: true,
      _trailer: '',
      finished: true,
      _headerSent: true,
      _closed: true,
      socket: [TLSSocket],
      _header: 'GET / HTTP/1.1\r\n' +
        'Accept: text/html,application/xhtml+xml,application/xml;q=0.9,image/avif,image/webp,image/apng,*/*;q=0.8,application/signed-exchange;v=b3;q=0.7\r\n' +
        'User-Agent: Mozilla/5.0 (Windows NT 10.0; Win64; x64) AppleWebKit/537.36 (KHTML, like Gecko) Chrome/129.0.0.0 Safari/537.36\r\n' +
        'Accept-Encoding: gzip, deflate, br, zstd\r\n' +
        'Accept-Language: en-US,en;q=0.9\r\n' +
        'Host: investor.insulet.com\r\n' +
        'Connection: keep-alive\r\n' +
        '\r\n',
      _keepAliveTimeout: 0,
      _onPendingData: [Function: nop],
      agent: [Agent],
      socketPath: undefined,
      method: 'GET',
      maxHeaderSize: undefined,
      insecureHTTPParser: undefined,
      joinDuplicateHeaders: undefined,
      path: '/',
      _ended: true,
      res: [IncomingMessage],
      aborted: false,
      timeoutCb: null,
      upgradeOrConnect: false,
      parser: null,
      maxHeadersCount: null,
      reusedSocket: false,
      host: 'investor.insulet.com',
      protocol: 'https:',
      _redirectable: [Writable],
      [Symbol(shapeMode)]: false,
      [Symbol(kCapture)]: false,
      [Symbol(kBytesWritten)]: 0,
      [Symbol(kNeedDrain)]: false,
      [Symbol(corked)]: 0,
      [Symbol(kOutHeaders)]: [Object: null prototype],
      [Symbol(errored)]: null,
      [Symbol(kHighWaterMark)]: 16384,
      [Symbol(kRejectNonStandardBodyWrites)]: false,
      [Symbol(kUniqueHeaders)]: null
    },
    data: '<!DOCTYPE html>\n' +
      '<!--[if lt IE 7]> <html class="no-js ie6 oldie" lang="en-US"> <![endif]-->\n' +
      '<!--[if IE 7]>    <html class="no-js ie7 oldie" lang="en-US"> <![endif]-->\n' +
      '<!--[if IE 8]>    <html class="no-js ie8 oldie" lang="en-US"> <![endif]-->\n' +
      '<!--[if gt IE 8]><!--> <html class="no-js" lang="en-US"> <!--<![endif]-->\n' +
      '<head>\n' +
      '<title>Attention Required! | Cloudflare</title>\n' +
      '<meta charset="UTF-8" />\n' +
      '<meta http-equiv="Content-Type" content="text/html; charset=UTF-8" />\n' +
      '<meta http-equiv="X-UA-Compatible" content="IE=Edge" />\n' +
      '<meta name="robots" content="noindex, nofollow" />\n' +
      '<meta name="viewport" content="width=device-width,initial-scale=1" />\n' +
      '<link rel="stylesheet" id="cf_styles-css" href="/cdn-cgi/styles/cf.errors.css" />\n' +
      `<!--[if lt IE 9]><link rel="stylesheet" id='cf_styles-ie-css' href="/cdn-cgi/styles/cf.errors.ie.css" /><![endif]-->\n` +
      '<style>body{margin:0;padding:0}</style>\n' +
      '\n' +
      '\n' +
      '<!--[if gte IE 10]><!-->\n' +
      '<script>\n' +
      '  if (!navigator.cookieEnabled) {\n' +
      "    window.addEventListener('DOMContentLoaded', function () {\n" +
      "      var cookieEl = document.getElementById('cookie-alert');\n" +
      "      cookieEl.style.display = 'block';\n" +
      '    })\n' +
      '  }\n' +
      '</script>\n' +
      '<!--<![endif]-->\n' +
      '\n' +
      '\n' +
      '</head>\n' +
      '<body>\n' +
      '  <div id="cf-wrapper">\n' +
      '    <div class="cf-alert cf-alert-error cf-cookie-error" id="cookie-alert" data-translate="enable_cookies">Please enable cookies.</div>\n' +
      '    <div id="cf-error-details" class="cf-error-details-wrapper">\n' +
      '      <div class="cf-wrapper cf-header cf-error-overview">\n' +
      '        <h1 data-translate="block_headline">Sorry, you have been blocked</h1>\n' +
      '        <h2 class="cf-subheadline"><span data-translate="unable_to_access">You are unable to access</span> web.prd.q4inc.com</h2>\n' +
      '      </div><!-- /.header -->\n' +
      '\n' +
      '      <div class="cf-section cf-highlight">\n' +
      '        <div class="cf-wrapper">\n' +
      '          <div class="cf-screenshot-container cf-screenshot-full">\n' +
      '            \n' +
      '              <span class="cf-no-screenshot error"></span>\n' +
      '            \n' +
      '          </div>\n' +
      '        </div>\n' +
      '      </div><!-- /.captcha-container -->\n' +
      '\n' +
      '      <div class="cf-section cf-wrapper">\n' +
      '        <div class="cf-columns two">\n' +
      '          <div class="cf-column">\n' +
      '            <h2 data-translate="blocked_why_headline">Why have I been blocked?</h2>\n' +
      '\n' +
      '            <p data-translate="blocked_why_detail">This website is using a security service to protect itself from online attacks. The action you just performed triggered the security solution. There are several actions that could trigger this block including submitting a certain word or phrase, a SQL command or malformed data.</p>\n' +
      '          </div>\n' +
      '\n' +
      '          <div class="cf-column">\n' +
      '            <h2 data-translate="blocked_resolve_headline">What can I do to resolve this?</h2>\n' +
      '\n' +
      '            <p data-translate="blocked_resolve_detail">You can email the site owner to let them know you were blocked. Please include what you were doing when this page came up and the Cloudflare Ray ID found at the bottom of this page.</p>\n' +
      '          </div>\n' +
      '        </div>\n' +
      '      </div><!-- /.section -->\n' +
      '\n' +
      '      <div class="cf-error-footer cf-wrapper w-240 lg:w-full py-10 sm:py-4 sm:px-8 mx-auto text-center sm:text-left border-solid border-0 border-t border-gray-300">\n' +
      '  <p class="text-13">\n' +
      '    <span class="cf-footer-item sm:block sm:mb-1">Cloudflare Ray ID: <strong class="font-semibold">8c63836d9fd642e0</strong></span>\n' +
      '    <span class="cf-footer-separator sm:hidden">&bull;</span>\n' +
      '    <span id="cf-footer-item-ip" class="cf-footer-item hidden sm:block sm:mb-1">\n' +
      '      Your IP:\n' +
      '      <button type="button" id="cf-footer-ip-reveal" class="cf-footer-ip-reveal-btn">Click to reveal</button>\n' +
      '      <span class="hidden" id="cf-footer-ip">67.84.81.190</span>\n' +
      '      <span class="cf-footer-separator sm:hidden">&bull;</span>\n' +
      '    </span>\n' +
      '    <span class="cf-footer-item sm:block sm:mb-1"><span>Performance &amp; security by</span> <a rel="noopener noreferrer" href="https://www.cloudflare.com/5xx-error-landing" id="brand_link" target="_blank">Cloudflare</a></span>\n' +
      '    \n' +
      '  </p>\n' +
      '  <script>(function(){function d(){var b=a.getElementById("cf-footer-item-ip"),c=a.getElementById("cf-footer-ip-reveal");b&&"classList"in b&&(b.classList.remove("hidden"),c.addEventListener("click",function(){c.classList.add("hidden");a.getElementById("cf-footer-ip").classList.remove("hidden")}))}var a=document;document.addEventListener&&a.addEventListener("DOMContentLoaded",d)})();</script>\n' +
      '</div><!-- /.error-footer -->\n' +
      '\n' +
      '\n' +
      '    </div><!-- /#cf-error-details -->\n' +
      '  </div><!-- /#cf-wrapper -->\n' +
      '\n' +
      '  <script>\n' +
      '  window._cf_translation = {};\n' +
      '  \n' +
      '  \n' +
      '</script>\n' +
      '\n' +
      `<script>(function(){function c(){var b=a.contentDocument||a.contentWindow.document;if(b){var d=b.createElement('script');d.innerHTML="window.__CF$cv$params={r:'8c63836d9fd642e0',t:'MTcyNjg1MzExMS4wMDAwMDA='};var a=document.createElement('script');a.nonce='';a.src='/cdn-cgi/challenge-platform/scripts/jsd/main.js';document.getElementsByTagName('head')[0].appendChild(a);";b.getElementsByTagName('head')[0].appendChild(d)}}if(document.body){var a=document.createElement('iframe');a.height=1;a.width=1;a.style.position='absolute';a.style.top=0;a.style.left=0;a.style.border='none';a.style.visibility='hidden';document.body.appendChild(a);if('loading'!==document.readyState)c();else if(window.addEventListener)document.addEventListener('DOMContentLoaded',c);else{var e=document.onreadystatechange||function(){};document.onreadystatechange=function(b){e(b);'loading'!==document.readyState&&(document.onreadystatechange=e,c())}}}})();</script><script defer src="https://static.cloudflareinsights.com/beacon.min.js/vcd15cbe7772f49c399c6a5babf22c1241717689176015" integrity="sha512-ZpsOmlRQV6y907TI0dKBHq9Md29nnaEIPlkf84rnaERnq6zvWvPUqr2ft8M1aS28oN72PdrCzSjY4U6VaAw1EQ==" data-cf-beacon='{"rayId":"8c63836d9fd642e0","version":"2024.8.0","serverTiming":{"name":{"cfExtPri":true,"cfL4":true}},"token":"9b9544247c204655923f51d9215fe412","b":1}' crossorigin="anonymous"></script>\n` +
      '</body>\n' +
      '</html>\n'
  },
  status: 403
}
